// Jest Snapshot v1, https://goo.gl/fbAQLP

exports[`FooterOpeningTimes Should match snapshot of FooterOpeningTimes 1`] = `"<ul class=\\"plain-list no-padding no-margin\\"><li class=\\"Space-sc-4az8w3-0 gmFyho\\">Galleries <time>10:00</time>—<time>18:00</time></li><li class=\\"Space-sc-4az8w3-0 gmFyho\\">Library <time>10:00</time>—<time>18:00</time></li><li class=\\"Space-sc-4az8w3-0 gmFyho\\">Kitchen <time>10:00</time>—<time>18:00</time></li><li class=\\"Space-sc-4az8w3-0 gmFyho\\">Café <time>10:00</time>—<time>18:00</time></li><li class=\\"Space-sc-4az8w3-0 gmFyho\\">Shop <time>10:00</time>—<time>18:00</time></li></ul>"`;
