// Jest Snapshot v1, https://goo.gl/fbAQLP

exports[`CardGrid Should be able to render CardGrid 1`] = `
"<div><div class=\\"css-grid__container\\"><div class=\\"css-grid\\"><div class=\\"css-grid__cell css-grid__cell--s12 css-grid__cell--m6 css-grid__cell--l4 css-grid__cell--xl4\\"><a data-component=\\"ExhibitionPromo\\" data-component-state=\\"{&quot;position&quot;:0}\\" id=\\"XNFfsxAAANwqbNWD\\" href=\\"/exhibitions/XNFfsxAAANwqbNWD\\" class=\\"Card__CardOuter-sc-4wuvpf-0 jcSZOw plain-link promo-link rounded-corners overflow-hidden flex-ie-block flex--column\\"><div class=\\"relative\\"><noscript>
          <img width='3200'
            height='1800'
            class='image image--noscript bg-charcoal font-white'
            src=https://images.prismic.io/wellcomecollection/b40da45c5b49cc5dd946dffeddbf8ce114ac0003_ep_000832_058.jpg?auto=compress%2Cformat&rect=&w=640&h=
            alt='Photograph of an exhibition gallery space, with a blue stained wood wall in the background, in front of which a young man looks at a life-size artwork of a figure resembling an astronaut. In the foreground a young woman sits on a wooden bench holding an audio speaker to her ear.' /></noscript><img width=\\"3200\\" height=\\"1800\\" class=\\"lazy-image bg-charcoal font-white lazyload image\\" src=\\"https://images.prismic.io/wellcomecollection/b40da45c5b49cc5dd946dffeddbf8ce114ac0003_ep_000832_058.jpg?auto=compress%2Cformat&amp;rect=&amp;w=30&amp;h=\\" data-srcset=\\"https://images.prismic.io/wellcomecollection/b40da45c5b49cc5dd946dffeddbf8ce114ac0003_ep_000832_058.jpg?auto=compress%2Cformat&amp;rect=&amp;w=160&amp;h= 160w,https://images.prismic.io/wellcomecollection/b40da45c5b49cc5dd946dffeddbf8ce114ac0003_ep_000832_058.jpg?auto=compress%2Cformat&amp;rect=&amp;w=180&amp;h= 180w,https://images.prismic.io/wellcomecollection/b40da45c5b49cc5dd946dffeddbf8ce114ac0003_ep_000832_058.jpg?auto=compress%2Cformat&amp;rect=&amp;w=282&amp;h= 282w,https://images.prismic.io/wellcomecollection/b40da45c5b49cc5dd946dffeddbf8ce114ac0003_ep_000832_058.jpg?auto=compress%2Cformat&amp;rect=&amp;w=320&amp;h= 320w,https://images.prismic.io/wellcomecollection/b40da45c5b49cc5dd946dffeddbf8ce114ac0003_ep_000832_058.jpg?auto=compress%2Cformat&amp;rect=&amp;w=420&amp;h= 420w,https://images.prismic.io/wellcomecollection/b40da45c5b49cc5dd946dffeddbf8ce114ac0003_ep_000832_058.jpg?auto=compress%2Cformat&amp;rect=&amp;w=600&amp;h= 600w,https://images.prismic.io/wellcomecollection/b40da45c5b49cc5dd946dffeddbf8ce114ac0003_ep_000832_058.jpg?auto=compress%2Cformat&amp;rect=&amp;w=880&amp;h= 880w,https://images.prismic.io/wellcomecollection/b40da45c5b49cc5dd946dffeddbf8ce114ac0003_ep_000832_058.jpg?auto=compress%2Cformat&amp;rect=&amp;w=960&amp;h= 960w,https://images.prismic.io/wellcomecollection/b40da45c5b49cc5dd946dffeddbf8ce114ac0003_ep_000832_058.jpg?auto=compress%2Cformat&amp;rect=&amp;w=1024&amp;h= 1024w,https://images.prismic.io/wellcomecollection/b40da45c5b49cc5dd946dffeddbf8ce114ac0003_ep_000832_058.jpg?auto=compress%2Cformat&amp;rect=&amp;w=1338&amp;h= 1338w,https://images.prismic.io/wellcomecollection/b40da45c5b49cc5dd946dffeddbf8ce114ac0003_ep_000832_058.jpg?auto=compress%2Cformat&amp;rect=&amp;w=2048&amp;h= 2048w\\" sizes=\\"(min-width: 1420px) 386px, (min-width: 960px) calc(28.64vw - 15px), (min-width: 600px) calc(50vw - 54px), calc(100vw - 36px)\\" alt=\\"Photograph of an exhibition gallery space, with a blue stained wood wall in the background, in front of which a young man looks at a life-size artwork of a figure resembling an astronaut. In the foreground a young woman sits on a wooden bench holding an audio speaker to her ear.\\"/><div style=\\"position:absolute;bottom:0\\"><ul class=\\"Space-sc-4az8w3-0 irzQKp flex plain-list no-padding flex--wrap\\" style=\\"margin-left:0;margin-top:0\\"><li class=\\"Space-sc-4az8w3-0 jPbZCv\\"><div class=\\"Space-sc-4az8w3-0 kVZvAn 
      nowrap
      line-height-1
      font-black bg-yellow
      font-hnm font-size-6 
    \\">Permanent exhibition</div></li></ul></div></div><div class=\\"Space-sc-4az8w3-0 Card__CardBody-sc-4wuvpf-1 PpJdl GVwDB flex flex--column flex-1\\"><div><div class=\\"Space-sc-4az8w3-0 eXORFc promo-link__title font-wb font-size-3 \\">Being Human</div><span class=\\"flex flex--v-center font-hnl font-size-5 \\"><span class=\\"Space-sc-4az8w3-0 geypFH flex flex--v-center\\"><span class=\\"Dot__DotEl-htgpsw-0 gYhuzT font-marble\\" aria-hidden=\\"true\\"></span></span><span>Reopens 7 October</span></span></div></div></a></div></div></div></div>"
`;
