// Jest Snapshot v1, https://goo.gl/fbAQLP

exports[`LandingBody should match snapshot of LandingBody with empty contentList items 1`] = `"<div class=\\"basic-body\\"><div class=\\"Space-sc-4az8w3-0 eDamyo row card-theme bg-white card-theme--cream\\"><div class=\\"Space-sc-4az8w3-0 gGMgrY\\"><div class=\\"row font-wb font-size-2 \\"><div class=\\"container\\"><div class=\\"grid\\"><div class=\\"grid__cell grid__cell--s12 grid__cell--m12 grid__cell--l12 grid__cell--xl12\\"><div class=\\"SectionHeader__YellowBox-sc-13zx5uc-0 jHnjol\\"></div><h2 class=\\"Space-sc-4az8w3-0 bXTLSQ inline no-margin\\"><span class=\\"SectionHeader__TitleWrapper-sc-13zx5uc-1 dnHnXM\\">Research and study in the library</span></h2></div></div></div></div></div></div></div>"`;

exports[`LandingBody should match snapshot of LandingBody with present contentList items 1`] = `
"<div class=\\"basic-body\\"><div class=\\"Space-sc-4az8w3-0 eDamyo row card-theme bg-white card-theme--cream\\"><div class=\\"Space-sc-4az8w3-0 gGMgrY\\"><div class=\\"row font-wb font-size-2 \\"><div class=\\"container\\"><div class=\\"grid\\"><div class=\\"grid__cell grid__cell--s12 grid__cell--m12 grid__cell--l12 grid__cell--xl12\\"><div class=\\"SectionHeader__YellowBox-sc-13zx5uc-0 jHnjol\\"></div><h2 class=\\"Space-sc-4az8w3-0 bXTLSQ inline no-margin\\"><span class=\\"SectionHeader__TitleWrapper-sc-13zx5uc-1 dnHnXM\\">Research and study in the library</span></h2></div></div></div></div></div><div class=\\"container\\"><div class=\\"grid\\"><div class=\\"grid__cell grid__cell--s12 grid__cell--m12 grid__cell--l12 grid__cell--xl12\\"><div class=\\"FeaturedCard__FeaturedCardWrap-x1z76k-0 fxgWMG\\"><a href=\\"/pages/Wuw19yIAAK1Z3Smm\\" class=\\"FeaturedCard__FeaturedCardLink-x1z76k-1 ipENtW grid flex-end promo-link plain-link\\"><div class=\\"FeaturedCard__FeaturedCardLeft-x1z76k-2 grid__cell grid__cell--s12 grid__cell--m12 grid__cell--l7 grid__cell--xl7\\"><noscript>
          <img width='3200'
            height='1800'
            class='image image--noscript bg-charcoal font-white'
            src=https://images.prismic.io/wellcomecollection/39d05e21-67d6-4fd8-b2ef-fb662e0fff85_SDP_20201005_0365-265.jpg?auto=compress%2Cformat&rect=0%2C0%2C3000%2C1688&w=640&h=360
            alt='Photograph of the entrance desk of a library. Behind the desk a man stands wearing a face covering and a staff lanyard. He is talking to a female visitor standing on the other side of the desk, who is also wearing a face covering, a stripy jacket and who is holding a plastic bag. Between the two of them is a large perspex screen which runs the length of the desk. Queuing behind the visitor at the desk is a man in a pink shirt and a yellow face covering who is holding a see through plastic bag containing a laptop. On the glass partition in the background are two large figurative oil paintings.' /></noscript><img width=\\"3200\\" height=\\"1800\\" class=\\"lazy-image bg-charcoal font-white lazyload image\\" src=\\"https://images.prismic.io/wellcomecollection/39d05e21-67d6-4fd8-b2ef-fb662e0fff85_SDP_20201005_0365-265.jpg?auto=compress%2Cformat&amp;rect=0%2C0%2C3000%2C1688&amp;w=30&amp;h=17\\" data-srcset=\\"https://images.prismic.io/wellcomecollection/39d05e21-67d6-4fd8-b2ef-fb662e0fff85_SDP_20201005_0365-265.jpg?auto=compress%2Cformat&amp;rect=0%2C0%2C3000%2C1688&amp;w=160&amp;h=90 160w,https://images.prismic.io/wellcomecollection/39d05e21-67d6-4fd8-b2ef-fb662e0fff85_SDP_20201005_0365-265.jpg?auto=compress%2Cformat&amp;rect=0%2C0%2C3000%2C1688&amp;w=180&amp;h=101 180w,https://images.prismic.io/wellcomecollection/39d05e21-67d6-4fd8-b2ef-fb662e0fff85_SDP_20201005_0365-265.jpg?auto=compress%2Cformat&amp;rect=0%2C0%2C3000%2C1688&amp;w=282&amp;h=159 282w,https://images.prismic.io/wellcomecollection/39d05e21-67d6-4fd8-b2ef-fb662e0fff85_SDP_20201005_0365-265.jpg?auto=compress%2Cformat&amp;rect=0%2C0%2C3000%2C1688&amp;w=320&amp;h=180 320w,https://images.prismic.io/wellcomecollection/39d05e21-67d6-4fd8-b2ef-fb662e0fff85_SDP_20201005_0365-265.jpg?auto=compress%2Cformat&amp;rect=0%2C0%2C3000%2C1688&amp;w=420&amp;h=236 420w,https://images.prismic.io/wellcomecollection/39d05e21-67d6-4fd8-b2ef-fb662e0fff85_SDP_20201005_0365-265.jpg?auto=compress%2Cformat&amp;rect=0%2C0%2C3000%2C1688&amp;w=600&amp;h=338 600w,https://images.prismic.io/wellcomecollection/39d05e21-67d6-4fd8-b2ef-fb662e0fff85_SDP_20201005_0365-265.jpg?auto=compress%2Cformat&amp;rect=0%2C0%2C3000%2C1688&amp;w=880&amp;h=495 880w,https://images.prismic.io/wellcomecollection/39d05e21-67d6-4fd8-b2ef-fb662e0fff85_SDP_20201005_0365-265.jpg?auto=compress%2Cformat&amp;rect=0%2C0%2C3000%2C1688&amp;w=960&amp;h=540 960w,https://images.prismic.io/wellcomecollection/39d05e21-67d6-4fd8-b2ef-fb662e0fff85_SDP_20201005_0365-265.jpg?auto=compress%2Cformat&amp;rect=0%2C0%2C3000%2C1688&amp;w=1024&amp;h=576 1024w,https://images.prismic.io/wellcomecollection/39d05e21-67d6-4fd8-b2ef-fb662e0fff85_SDP_20201005_0365-265.jpg?auto=compress%2Cformat&amp;rect=0%2C0%2C3000%2C1688&amp;w=1338&amp;h=753 1338w,https://images.prismic.io/wellcomecollection/39d05e21-67d6-4fd8-b2ef-fb662e0fff85_SDP_20201005_0365-265.jpg?auto=compress%2Cformat&amp;rect=0%2C0%2C3000%2C1688&amp;w=2048&amp;h=1152 2048w\\" sizes=\\"(min-width: 1420px) 698px, (min-width: 960px) 50.23vw, (min-width: 600px) calc(100vw - 84px), 100vw\\" alt=\\"Photograph of the entrance desk of a library. Behind the desk a man stands wearing a face covering and a staff lanyard. He is talking to a female visitor standing on the other side of the desk, who is also wearing a face covering, a stripy jacket and who is holding a plastic bag. Between the two of them is a large perspex screen which runs the length of the desk. Queuing behind the visitor at the desk is a man in a pink shirt and a yellow face covering who is holding a see through plastic bag containing a laptop. On the glass partition in the background are two large figurative oil paintings.\\"/></div><div class=\\"flex grid__cell grid__cell--s12 grid__cell--m11 grid__cell--l5 grid__cell--xl5\\"><div class=\\"FeaturedCard__FeaturedCardRight-x1z76k-3 daSYdr flex flex--column\\"><div style=\\"margin-bottom:26px\\"></div><div class=\\"Space-sc-4az8w3-0 FeaturedCard__FeaturedCardCopy-x1z76k-4 gTbWFz jhucuB bg-charcoal font-white flex-1\\"><h2 class=\\"font-wb font-size-2\\">The library</h2><p class=\\"font-hnl font-size-5\\">Our libraryâ€™s collections cover thousands of years of health and medicine across different cultures.</p></div></div></div><div class=\\"grid__cell grid__cell--s12 grid__cell--m12 grid__cell--l7 grid__cell--xl7\\"></div><div class=\\"FeaturedCard__FeaturedCardShim-x1z76k-5 cKPoLn bg-charcoal is-hidden-s is-hidden-m relative grid__cell grid__cell--s12 grid__cell--m11 grid__cell--l5 grid__cell--xl5\\"></div></a></div></div></div></div></div></div>"
`;
