// Jest Snapshot v1, https://goo.gl/fbAQLP

exports[`CompactCard should match snapshots 1`] = `
"<div class=\\"Space-sc-4az8w3-0 iRLDmT grid my_extra_extra_class\\"><div class=\\"MediaObjectBase__BaseImageWrapper-w8f9sz-0 grid__cell grid__cell--s3 grid__cell--m3 grid__cell--l3 grid__cell--xl3\\"><noscript>
      <img width='3200'
        height='3200'
        class='image image--noscript bg-charcoal font-white'
        src='https://images.prismic.io/wellcomecollection/c8f7b7f4-d455-4c3f-ae65-9dc7428ae60a_EP001430_0001.jpg?auto=compress%2Cformat&rect=397%2C0%2C2836%2C2836&w=640&h=640'
        alt='Two St. Bernard dogs with an avalanche victim, one tries to revive him while the other alerts the rescue party.' /></noscript><img width=\\"3200\\" height=\\"3200\\" class=\\"image bg-charcoal font-white lazy-image lazyload\\" src=\\"https://images.prismic.io/wellcomecollection/c8f7b7f4-d455-4c3f-ae65-9dc7428ae60a_EP001430_0001.jpg?auto=compress%2Cformat&amp;rect=397%2C0%2C2836%2C2836&amp;w=30&amp;h=30\\" data-srcset=\\"https://images.prismic.io/wellcomecollection/c8f7b7f4-d455-4c3f-ae65-9dc7428ae60a_EP001430_0001.jpg?auto=compress%2Cformat&amp;rect=397%2C0%2C2836%2C2836&amp;w=160&amp;h=160 160w,https://images.prismic.io/wellcomecollection/c8f7b7f4-d455-4c3f-ae65-9dc7428ae60a_EP001430_0001.jpg?auto=compress%2Cformat&amp;rect=397%2C0%2C2836%2C2836&amp;w=180&amp;h=180 180w,https://images.prismic.io/wellcomecollection/c8f7b7f4-d455-4c3f-ae65-9dc7428ae60a_EP001430_0001.jpg?auto=compress%2Cformat&amp;rect=397%2C0%2C2836%2C2836&amp;w=282&amp;h=282 282w,https://images.prismic.io/wellcomecollection/c8f7b7f4-d455-4c3f-ae65-9dc7428ae60a_EP001430_0001.jpg?auto=compress%2Cformat&amp;rect=397%2C0%2C2836%2C2836&amp;w=320&amp;h=320 320w,https://images.prismic.io/wellcomecollection/c8f7b7f4-d455-4c3f-ae65-9dc7428ae60a_EP001430_0001.jpg?auto=compress%2Cformat&amp;rect=397%2C0%2C2836%2C2836&amp;w=420&amp;h=420 420w,https://images.prismic.io/wellcomecollection/c8f7b7f4-d455-4c3f-ae65-9dc7428ae60a_EP001430_0001.jpg?auto=compress%2Cformat&amp;rect=397%2C0%2C2836%2C2836&amp;w=600&amp;h=600 600w,https://images.prismic.io/wellcomecollection/c8f7b7f4-d455-4c3f-ae65-9dc7428ae60a_EP001430_0001.jpg?auto=compress%2Cformat&amp;rect=397%2C0%2C2836%2C2836&amp;w=880&amp;h=880 880w,https://images.prismic.io/wellcomecollection/c8f7b7f4-d455-4c3f-ae65-9dc7428ae60a_EP001430_0001.jpg?auto=compress%2Cformat&amp;rect=397%2C0%2C2836%2C2836&amp;w=960&amp;h=960 960w,https://images.prismic.io/wellcomecollection/c8f7b7f4-d455-4c3f-ae65-9dc7428ae60a_EP001430_0001.jpg?auto=compress%2Cformat&amp;rect=397%2C0%2C2836%2C2836&amp;w=1024&amp;h=1024 1024w,https://images.prismic.io/wellcomecollection/c8f7b7f4-d455-4c3f-ae65-9dc7428ae60a_EP001430_0001.jpg?auto=compress%2Cformat&amp;rect=397%2C0%2C2836%2C2836&amp;w=1338&amp;h=1338 1338w,https://images.prismic.io/wellcomecollection/c8f7b7f4-d455-4c3f-ae65-9dc7428ae60a_EP001430_0001.jpg?auto=compress%2Cformat&amp;rect=397%2C0%2C2836%2C2836&amp;w=2048&amp;h=2048 2048w\\" sizes=\\"100vw\\" alt=\\"Two St. Bernard dogs with an avalanche victim, one tries to revive him while the other alerts the rescue party.\\"></div><div class=\\"MediaObjectBase__BaseTextWrapper-w8f9sz-2 grid__cell grid__cell--s9 grid__cell--m9 grid__cell--l9 grid__cell--xl9\\"><div class=\\"MediaObjectBase__BaseTitleWrapper-w8f9sz-1 card-link__title font-wb font-size-3 \\">mock title</div><div class=\\"spaced-text\\"><p class=\\"font-hnl font-size-5 \\">some text</p></div></div></div>"
`;
