// Jest Snapshot v1, https://goo.gl/fbAQLP

exports[`InfoBlock should match snapshots 1`] = `"<div class=\\"Space-sc-4az8w3-0 gZOFSi border-color-yellow\\" style=\\"border-left-width:16px;border-left-style:solid\\"><h2 id=\\"infoblock-title\\" class=\\"h2\\">InfoBlock title</h2><div class=\\"spaced-text body-text\\"><p>Text in the InfoBlock</p></div><div class=\\"Space-sc-4az8w3-0 dRkacA\\"><a href=\\"https://wellcomecollection.org\\" class=\\"ButtonSolid__BaseButton-is2j2c-0 ButtonOutlined__OutlinedButton-sc-21smqz-0 gGrRBp jNDwqj link-reset\\"><span class=\\"ButtonSolid__BaseButtonInnerSpan-is2j2c-1 ButtonSolid__BaseButtonInner-is2j2c-2  jMNuud font-hnm font-size-5  flex flex--v-center\\">InfoBlock link text</span></a></div></div>"`;

exports[`InfoBlock should match snapshots 2`] = `"<div class=\\"Space-sc-4az8w3-0 gZOFSi border-color-yellow\\" style=\\"border-left-width:16px;border-left-style:solid\\"><h2 id=\\"infoblock-title\\" class=\\"h2\\">InfoBlock title</h2><div class=\\"spaced-text body-text\\"><p>Text in the InfoBlock</p></div></div>"`;

exports[`InfoBlock should match snapshots 3`] = `"<div class=\\"Space-sc-4az8w3-0 gZOFSi border-color-yellow\\" style=\\"border-left-width:16px;border-left-style:solid\\"><h2 id=\\"infoblock-title\\" class=\\"h2\\">InfoBlock title</h2><div class=\\"spaced-text body-text\\"><p>Text in the InfoBlock</p></div></div>"`;

exports[`InfoBlock should match snapshots 4`] = `"<div class=\\"Space-sc-4az8w3-0 gZOFSi border-color-yellow\\" style=\\"border-left-width:16px;border-left-style:solid\\"><h2 id=\\"infoblock-title\\" class=\\"h2\\">InfoBlock title</h2><div class=\\"spaced-text body-text\\"><p>Text in the InfoBlock</p></div></div>"`;
